// Jest Snapshot v1, https://goo.gl/fbAQLP

exports[`Components - ExampleComponent should be able to render component 1`] = `
<div>
  <div
    class="sc-bdVaJa UMImn"
  >
    <h1 />
  </div>
</div>
`;
